// Vitest Snapshot v1, https://vitest.dev/guide/snapshot.html

exports[`VikeBtn > renders 1`] = `
<a
  class="v-btn v-theme--light v-btn--density-default v-btn--size-default v-btn--variant-flat"
  href="/some-path"
>
  
  <span
    class="v-btn__overlay"
  />
  <span
    class="v-btn__underlay"
  />
  
  <!---->
  <span
    class="v-btn__content"
    data-no-activator=""
  >
    
    
    
    
    
    
  </span>
  <!---->
  <!---->
</a>
`;
