// Vitest Snapshot v1, https://vitest.dev/guide/snapshot.html

exports[`Ocelot Icons > renders and tests if the ocelot icon "$history" is installed 1`] = `
<i
  aria-hidden="true"
  class="v-icon notranslate v-theme--light v-icon--size-large text-green"
>
  
  <!-- Generated by IcoMoon.io -->
  <svg
    fill="currentColor"
    height="32"
    stroke="currentColor"
    version="1.1"
    viewBox="0 0 32 32"
    width="32"
    xmlns="http://www.w3.org/2000/svg"
  >
    <title>
      history
    </title>
    <path
      d="M16 4c6.616 0 12 5.385 12 12s-5.385 12-12 12-12-5.385-12-12h2c0 5.535 4.465 10 10 10s10-4.465 10-10-4.465-10-10-10c-3.702 0-6.897 2.020-8.625 5h3.625v2h-7v-7h2v3.344c2.153-3.232 5.833-5.344 10-5.344zM15 8h2v7h5v2h-7v-9z"
    />
  </svg>
  
</i>
`;
