// Jest Snapshot v1, https://goo.gl/fbAQLP

exports[`CopyField.vue matches snapshot 1`] = `
<div
  class="ds-copy-field ds-copy-field-base"
>
  <div>
    Test
  </div>
   
  <div
    class="ds-copy-field-link"
  >
    <dsbutton-stub
      color="soft"
      ghost="true"
      icon="copy"
      linktag="button"
    />
  </div>
   
  <div
    class="ds-copy-field-message"
    name="ds-copy-field-message"
    style="display: none;"
  >
    <div
      class="ds-copy-field-message-text"
    />
  </div>
</div>
`;
